{
  "type": "array",
  "description": "DefinedAsPointerToRemoteSliceType is defined as a pointer to slice of named named slice type",
  "items": {
    "type": "array",
    "description": "NamedNamedSliceType is another level of indirection from NamedSliceType",
    "items": {
      "type": "integer",
      "description": "IntType is Foobarbax"
    }
  }
}
