{
  "type": "array",
  "description": "SliceOfNamedNamedSliceType is a slice of the named slice type.",
  "items": {
    "type": "array",
    "description": "SliceOfNamedType is a slice of a named type",
    "items": {
      "type": "integer",
      "description": "IntType is Foobarbax"
    }
  }
}
