{
  "type": "array",
  "description": "DefinedAsRemoteSliceType is defined as a remote type",
  "items": {
    "type": "array",
    "description": "NamedNamedSliceType is another level of indirection from NamedSliceType",
    "items": {
      "type": "integer",
      "description": "IntType is Foobarbax"
    }
  }
}
