{
  "type": "object",
  "properties": {
    "ordinary_int": {
      "type": "integer"
    },
    "optional_int": {
      "type": "integer"
    },
    "optional_empty": {
      "type": "string"
    },
    "optional_object": {
      "type": "object",
      "properties": {
        "value": {
          "type": "string"
        }
      },
      "required": [
        "value"
      ],
      "additionalProperties": false
    },
    "optional_ptr": {
      "type": "object",
      "properties": {
        "value": {
          "type": "string"
        }
      },
      "required": [
        "value"
      ],
      "additionalProperties": false
    },
    "optional_slice": {
      "type": "array",
      "items": {
        "type": "integer"
      }
    },
    "nullable_int": {
      "type": [
        "integer",
        "null"
      ]
    },
    "nullable_object": {
      "anyOf": [
        {
          "type": "object",
          "properties": {
            "value": {
              "type": "string"
            }
          },
          "required": [
            "value"
          ],
          "additionalProperties": false
        },
        {
          "type": "null"
        }
      ]
    },
    "nullable_ptr": {
      "anyOf": [
        {
          "type": "object",
          "properties": {
            "value": {
              "type": "string"
            }
          },
          "required": [
            "value"
          ],
          "additionalProperties": false
        },
        {
          "type": "null"
        }
      ]
    }
  },
  "required": [
    "ordinary_int",
    "nullable_int",
    "nullable_object",
    "nullable_ptr"
  ],
  "additionalProperties": false
}
