{
  "type": "array",
  "description": "SliceOfRemoteEnumType is a slice of the remote enum type",
  "items": {
    "type": "string",
    "description": "RemoteEnumType is an enum type from enumsremote\n\nval1: \nEnumVal1 is a value!!\n\nval2: \nEnumVal2 is also a value!!\n\nval3: \nEnumVal3 is truly a value!!\n\nval4: \nEnumVal4 is the fourth value",
    "enum": [
      "val1",
      "val2",
      "val3",
      "val4"
    ]
  }
}
