{
  "type": "object",
  "properties": {
    "primary": {
      "anyOf": [
        {
          "type": "object",
          "properties": {
            "type": {
              "type": "string",
              "const": "Created"
            },
            "name": {
              "type": "string"
            }
          },
          "required": [
            "type",
            "name"
          ],
          "additionalProperties": false
        },
        {
          "type": "object",
          "properties": {
            "type": {
              "type": "string",
              "const": "Deleted"
            },
            "id": {
              "type": "string"
            }
          },
          "required": [
            "type",
            "id"
          ],
          "additionalProperties": false
        },
        {
          "type": "object",
          "properties": {
            "type": {
              "type": "string",
              "const": "Hooked"
            },
            "name": {
              "type": "string"
            }
          },
          "required": [
            "type",
            "name"
          ],
          "additionalProperties": false
        },
        {
          "type": "object",
          "properties": {
            "type": {
              "type": "string",
              "const": "PointerHookValue"
            },
            "name": {
              "type": "string"
            }
          },
          "required": [
            "type",
            "name"
          ],
          "additionalProperties": false
        }
      ]
    },
    "events": {
      "type": "array",
      "items": {
        "anyOf": [
          {
            "type": "object",
            "properties": {
              "type": {
                "type": "string",
                "const": "Created"
              },
              "name": {
                "type": "string"
              }
            },
            "required": [
              "type",
              "name"
            ],
            "additionalProperties": false
          },
          {
            "type": "object",
            "properties": {
              "type": {
                "type": "string",
                "const": "Deleted"
              },
              "id": {
                "type": "string"
              }
            },
            "required": [
              "type",
              "id"
            ],
            "additionalProperties": false
          },
          {
            "type": "object",
            "properties": {
              "type": {
                "type": "string",
                "const": "Hooked"
              },
              "name": {
                "type": "string"
              }
            },
            "required": [
              "type",
              "name"
            ],
            "additionalProperties": false
          },
          {
            "type": "object",
            "properties": {
              "type": {
                "type": "string",
                "const": "PointerHookValue"
              },
              "name": {
                "type": "string"
              }
            },
            "required": [
              "type",
              "name"
            ],
            "additionalProperties": false
          }
        ]
      }
    },
    "optional": {
      "anyOf": [
        {
          "type": "object",
          "properties": {
            "type": {
              "type": "string",
              "const": "Created"
            },
            "name": {
              "type": "string"
            }
          },
          "required": [
            "type",
            "name"
          ],
          "additionalProperties": false
        },
        {
          "type": "object",
          "properties": {
            "type": {
              "type": "string",
              "const": "Deleted"
            },
            "id": {
              "type": "string"
            }
          },
          "required": [
            "type",
            "id"
          ],
          "additionalProperties": false
        },
        {
          "type": "object",
          "properties": {
            "type": {
              "type": "string",
              "const": "Hooked"
            },
            "name": {
              "type": "string"
            }
          },
          "required": [
            "type",
            "name"
          ],
          "additionalProperties": false
        },
        {
          "type": "object",
          "properties": {
            "type": {
              "type": "string",
              "const": "PointerHookValue"
            },
            "name": {
              "type": "string"
            }
          },
          "required": [
            "type",
            "name"
          ],
          "additionalProperties": false
        }
      ]
    },
    "alternate": {
      "anyOf": [
        {
          "type": "object",
          "properties": {
            "type": {
              "type": "string",
              "const": "Created"
            },
            "name": {
              "type": "string"
            }
          },
          "required": [
            "type",
            "name"
          ],
          "additionalProperties": false
        },
        {
          "type": "object",
          "properties": {
            "type": {
              "type": "string",
              "const": "Deleted"
            },
            "id": {
              "type": "string"
            }
          },
          "required": [
            "type",
            "id"
          ],
          "additionalProperties": false
        },
        {
          "type": "object",
          "properties": {
            "type": {
              "type": "string",
              "const": "Hooked"
            },
            "name": {
              "type": "string"
            }
          },
          "required": [
            "type",
            "name"
          ],
          "additionalProperties": false
        },
        {
          "type": "object",
          "properties": {
            "type": {
              "type": "string",
              "const": "PointerHookValue"
            },
            "name": {
              "type": "string"
            }
          },
          "required": [
            "type",
            "name"
          ],
          "additionalProperties": false
        }
      ]
    },
    "single": {
      "anyOf": [
        {
          "type": "object",
          "properties": {
            "type": {
              "type": "string",
              "const": "Created"
            },
            "name": {
              "type": "string"
            }
          },
          "required": [
            "type",
            "name"
          ],
          "additionalProperties": false
        },
        {
          "type": "object",
          "properties": {
            "type": {
              "type": "string",
              "const": "Deleted"
            },
            "id": {
              "type": "string"
            }
          },
          "required": [
            "type",
            "id"
          ],
          "additionalProperties": false
        },
        {
          "type": "object",
          "properties": {
            "type": {
              "type": "string",
              "const": "Hooked"
            },
            "name": {
              "type": "string"
            }
          },
          "required": [
            "type",
            "name"
          ],
          "additionalProperties": false
        },
        {
          "type": "object",
          "properties": {
            "type": {
              "type": "string",
              "const": "PointerHookValue"
            },
            "name": {
              "type": "string"
            }
          },
          "required": [
            "type",
            "name"
          ],
          "additionalProperties": false
        }
      ]
    },
    "hook": {
      "anyOf": [
        {
          "type": "object",
          "properties": {
            "type": {
              "type": "string",
              "const": "Created"
            },
            "name": {
              "type": "string"
            }
          },
          "required": [
            "type",
            "name"
          ],
          "additionalProperties": false
        },
        {
          "type": "object",
          "properties": {
            "type": {
              "type": "string",
              "const": "Deleted"
            },
            "id": {
              "type": "string"
            }
          },
          "required": [
            "type",
            "id"
          ],
          "additionalProperties": false
        },
        {
          "type": "object",
          "properties": {
            "type": {
              "type": "string",
              "const": "Hooked"
            },
            "name": {
              "type": "string"
            }
          },
          "required": [
            "type",
            "name"
          ],
          "additionalProperties": false
        },
        {
          "type": "object",
          "properties": {
            "type": {
              "type": "string",
              "const": "PointerHookValue"
            },
            "name": {
              "type": "string"
            }
          },
          "required": [
            "type",
            "name"
          ],
          "additionalProperties": false
        }
      ]
    },
    "value_hook": {
      "anyOf": [
        {
          "type": "object",
          "properties": {
            "type": {
              "type": "string",
              "const": "Created"
            },
            "name": {
              "type": "string"
            }
          },
          "required": [
            "type",
            "name"
          ],
          "additionalProperties": false
        },
        {
          "type": "object",
          "properties": {
            "type": {
              "type": "string",
              "const": "Deleted"
            },
            "id": {
              "type": "string"
            }
          },
          "required": [
            "type",
            "id"
          ],
          "additionalProperties": false
        },
        {
          "type": "object",
          "properties": {
            "type": {
              "type": "string",
              "const": "Hooked"
            },
            "name": {
              "type": "string"
            }
          },
          "required": [
            "type",
            "name"
          ],
          "additionalProperties": false
        },
        {
          "type": "object",
          "properties": {
            "type": {
              "type": "string",
              "const": "PointerHookValue"
            },
            "name": {
              "type": "string"
            }
          },
          "required": [
            "type",
            "name"
          ],
          "additionalProperties": false
        }
      ]
    },
    "nested": {
      "type": "object",
      "properties": {
        "event": {
          "anyOf": [
            {
              "type": "object",
              "properties": {
                "type": {
                  "type": "string",
                  "const": "Created"
                },
                "name": {
                  "type": "string"
                }
              },
              "required": [
                "type",
                "name"
              ],
              "additionalProperties": false
            },
            {
              "type": "object",
              "properties": {
                "type": {
                  "type": "string",
                  "const": "Deleted"
                },
                "id": {
                  "type": "string"
                }
              },
              "required": [
                "type",
                "id"
              ],
              "additionalProperties": false
            },
            {
              "type": "object",
              "properties": {
                "type": {
                  "type": "string",
                  "const": "Hooked"
                },
                "name": {
                  "type": "string"
                }
              },
              "required": [
                "type",
                "name"
              ],
              "additionalProperties": false
            },
            {
              "type": "object",
              "properties": {
                "type": {
                  "type": "string",
                  "const": "PointerHookValue"
                },
                "name": {
                  "type": "string"
                }
              },
              "required": [
                "type",
                "name"
              ],
              "additionalProperties": false
            }
          ]
        }
      },
      "required": [
        "event"
      ],
      "additionalProperties": false
    },
    "ordinary": {
      "type": "object",
      "properties": {
        "value": {
          "type": "string"
        }
      },
      "required": [
        "value"
      ],
      "additionalProperties": false
    },
    "state": {
      "type": "string",
      "enum": [
        "StateOpen",
        "StateClosed"
      ]
    },
    "label": {
      "type": "string"
    },
    "omitted": {
      "type": "string"
    }
  },
  "required": [
    "primary",
    "events",
    "nested",
    "ordinary",
    "state",
    "label"
  ],
  "additionalProperties": false
}
